21:39:57 [Thread-3] INFO  heartbeatLogger - Alive received from server: 2, Message[messageType=Alive, messageBody=BodyAlive[]]
21:39:57 [Thread-3] INFO  heartbeatLogger - Client 2 sent Alive response.
21:40:02 [Thread-3] INFO  heartbeatLogger - Alive received from server: 2, Message[messageType=Alive, messageBody=BodyAlive[]]
21:40:02 [Thread-3] INFO  heartbeatLogger - Client 2 sent Alive response.
21:40:07 [Thread-3] INFO  heartbeatLogger - Alive received from server: 2, Message[messageType=Alive, messageBody=BodyAlive[]]
21:40:07 [Thread-3] INFO  heartbeatLogger - Client 2 sent Alive response.
21:40:12 [Thread-3] INFO  heartbeatLogger - Alive received from server: 2, Message[messageType=Alive, messageBody=BodyAlive[]]
21:40:12 [Thread-3] INFO  heartbeatLogger - Client 2 sent Alive response.
21:40:17 [Thread-3] INFO  heartbeatLogger - Alive received from server: 2, Message[messageType=Alive, messageBody=BodyAlive[]]
21:40:17 [Thread-3] INFO  heartbeatLogger - Client 2 sent Alive response.
21:40:22 [Thread-3] INFO  heartbeatLogger - Alive received from server: 2, Message[messageType=Alive, messageBody=BodyAlive[]]
21:40:22 [Thread-3] INFO  heartbeatLogger - Client 2 sent Alive response.
21:40:27 [Thread-3] INFO  heartbeatLogger - Alive received from server: 2, Message[messageType=Alive, messageBody=BodyAlive[]]
21:40:27 [Thread-3] INFO  heartbeatLogger - Client 2 sent Alive response.
21:40:32 [Thread-3] INFO  heartbeatLogger - Alive received from server: 2, Message[messageType=Alive, messageBody=BodyAlive[]]
21:40:32 [Thread-3] INFO  heartbeatLogger - Client 2 sent Alive response.
21:40:37 [Thread-3] INFO  heartbeatLogger - Alive received from server: 2, Message[messageType=Alive, messageBody=BodyAlive[]]
21:40:37 [Thread-3] INFO  heartbeatLogger - Client 2 sent Alive response.
21:40:42 [Thread-3] INFO  heartbeatLogger - Alive received from server: 2, Message[messageType=Alive, messageBody=BodyAlive[]]
21:40:42 [Thread-3] INFO  heartbeatLogger - Client 2 sent Alive response.
21:40:47 [Thread-3] INFO  heartbeatLogger - Alive received from server: 2, Message[messageType=Alive, messageBody=BodyAlive[]]
21:40:47 [Thread-3] INFO  heartbeatLogger - Client 2 sent Alive response.
21:40:52 [Thread-3] INFO  heartbeatLogger - Alive received from server: 2, Message[messageType=Alive, messageBody=BodyAlive[]]
21:40:52 [Thread-3] INFO  heartbeatLogger - Client 2 sent Alive response.
21:40:57 [Thread-3] INFO  heartbeatLogger - Alive received from server: 2, Message[messageType=Alive, messageBody=BodyAlive[]]
21:40:57 [Thread-3] INFO  heartbeatLogger - Client 2 sent Alive response.
21:41:02 [Thread-3] INFO  heartbeatLogger - Alive received from server: 2, Message[messageType=Alive, messageBody=BodyAlive[]]
21:41:02 [Thread-3] INFO  heartbeatLogger - Client 2 sent Alive response.
21:41:02 [Thread-3] INFO  heartbeatLogger - Alive received from server: 1, Message[messageType=Alive, messageBody=BodyAlive[]]
21:41:02 [Thread-3] INFO  heartbeatLogger - Client 1 sent Alive response.
 Checking response from client: 2
21:40:01 [pool-3-thread-1] INFO  heartbeatLogger - Returning to server if client is alive: 2, true.
21:40:01 [pool-3-thread-1] INFO  heartbeatLogger - Alive status: true
21:40:01 [pool-3-thread-1] INFO  heartbeatLogger - Returning to server if client is alive: 2, true.
21:40:02 [pool-3-thread-1] INFO  heartbeatLogger - 
--- Checking client: 1 ---
21:40:02 [pool-3-thread-1] INFO  heartbeatLogger - Checking liveness of client: 1. Sending Alive Message.
21:40:02 [pool-3-thread-1] INFO  heartbeatLogger - Set alive to false
21:40:02 [pool-3-thread-1] INFO  heartbeatLogger - Alive set to false.
21:40:02 [pool-3-thread-1] INFO  heartbeatLogger - Sent Alive message to client 1
21:40:02 [pool-3-thread-1] INFO  heartbeatLogger - 
--- Checking client: 2 ---
21:40:02 [pool-3-thread-1] INFO  heartbeatLogger - Checking liveness of client: 2. Sending Alive Message.
21:40:02 [pool-3-thread-1] INFO  heartbeatLogger - Set alive to false
21:40:02 [pool-3-thread-1] INFO  heartbeatLogger - Alive set to false.
21:40:02 [pool-3-thread-1] INFO  heartbeatLogger - Sent Alive message to client 2
21:40:02 [Thread-0] INFO  heartbeatLogger - Client 1 set alive to: true
21:40:02 [Thread-1] INFO  heartbeatLogger - Client 2 set alive to: true
21:40:06 [pool-3-thread-1] INFO  heartbeatLogger - 
>>> Checking response from client: 1
21:40:06 [pool-3-thread-1] INFO  heartbeatLogger - Returning to server if client is alive: 1, true.
21:40:06 [pool-3-thread-1] INFO  heartbeatLogger - Alive status: true
21:40:06 [pool-3-thread-1] INFO  heartbeatLogger - Returning to server if client is alive: 1, true.
21:40:06 [pool-3-thread-1] INFO  heartbeatLogger - 
>>> Checking response from client: 2
21:40:06 [pool-3-thread-1] INFO  heartbeatLogger - Returning to server if client is alive: 2, true.
21:40:06 [pool-3-thread-1] INFO  heartbeatLogger - Alive status: true
21:40:06 [pool-3-thread-1] INFO  heartbeatLogger - Returning to server if client is alive: 2, true.
21:40:07 [pool-3-thread-1] INFO  heartbeatLogger - 
--- Checking client: 1 ---
21:40:07 [pool-3-thread-1] INFO  heartbeatLogger - Checking liveness of client: 1. Sending Alive Message.
21:40:07 [pool-3-thread-1] INFO  heartbeatLogger - Set alive to false
21:40:07 [pool-3-thread-1] INFO  heartbeatLogger - Alive set to false.
21:40:07 [pool-3-thread-1] INFO  heartbeatLogger - Sent Alive message to client 1
21:40:07 [pool-3-thread-1] INFO  heartbeatLogger - 
--- Checking client: 2 ---
21:40:07 [pool-3-thread-1] INFO  heartbeatLogger - Checking liveness of client: 2. Sending Alive Message.
21:40:07 [pool-3-thread-1] INFO  heartbeatLogger - Set alive to false
21:40:07 [Thread-0] INFO  heartbeatLogger - Client 1 set alive to: true
21:40:07 [pool-3-thread-1] INFO  heartbeatLogger - Alive set to false.
21:40:07 [pool-3-thread-1] INFO  heartbeatLogger - Sent Alive message to client 2
21:40:07 [Thread-1] INFO  heartbeatLogger - Client 2 set alive to: true
21:40:11 [pool-3-thread-1] INFO  heartbeatLogger - 
>>> Checking response from client: 1
21:40:11 [pool-3-thread-1] INFO  heartbeatLogger - Returning to server if client is alive: 1, true.
21:40:11 [pool-3-thread-1] INFO  heartbeatLogger - Alive status: true
21:40:11 [pool-3-thread-1] INFO  heartbeatLogger - Returning to server if client is alive: 1, true.
21:40:11 [pool-3-thread-1] INFO  heartbeatLogger - 
>>> Checking response from client: 2
21:40:11 [pool-3-thread-1] INFO  heartbeatLogger - Returning to server if client is alive: 2, true.
21:40:11 [pool-3-thread-1] INFO  heartbeatLogger - Alive status: true
21:40:11 [pool-3-thread-1] INFO  heartbeatLogger - Returning to server if client is alive: 2, true.
21:40:12 [pool-3-thread-1] INFO  heartbeatLogger - 
--- Checking client: 1 ---
21:40:12 [pool-3-thread-1] INFO  heartbeatLogger - Checking liveness of client: 1. Sending Alive Message.
21:40:12 [pool-3-thread-1] INFO  heartbeatLogger - Set alive to false
21:40:12 [pool-3-thread-1] INFO  heartbeatLogger - Alive set to false.
21:40:12 [pool-3-thread-1] INFO  heartbeatLogger - Sent Alive message to client 1
21:40:12 [pool-3-thread-1] INFO  heartbeatLogger - 
--- Checking client: 2 ---
21:40:12 [pool-3-thread-1] INFO  heartbeatLogger - Checking liveness of client: 2. Sending Alive Message.
21:40:12 [pool-3-thread-1] INFO  heartbeatLogger - Set alive to false
21:40:12 [pool-3-thread-1] INFO  heartbeatLogger - Alive set to false.
21:40:12 [pool-3-thread-1] INFO  heartbeatLogger - Sent Alive message to client 2
21:40:12 [Thread-0] INFO  heartbeatLogger - Client 1 set alive to: true
21:40:12 [Thread-1] INFO  heartbeatLogger - Client 2 set alive to: true
21:40:16 [pool-3-thread-1] INFO  heartbeatLogger - 
>>> Checking response from client: 1
21:40:16 [pool-3-thread-1] INFO  heartbeatLogger - Returning to server if client is alive: 1, true.
21:40:16 [pool-3-thread-1] INFO  heartbeatLogger - Alive status: true
21:40:16 [pool-3-thread-1] INFO  heartbeatLogger - Returning to server if client is alive: 1, true.
21:40:16 [pool-3-thread-1] INFO  heartbeatLogger - 
>>> Checking response from client: 2
21:40:16 [pool-3-thread-1] INFO  heartbeatLogger - Returning to server if client is alive: 2, true.
21:40:16 [pool-3-thread-1] INFO  heartbeatLogger - Alive status: true
21:40:16 [pool-3-thread-1] INFO  heartbeatLogger - Returning to server if client is alive: 2, true.
21:40:17 [pool-3-thread-1] INFO  heartbeatLogger - 
--- Checking client: 1 ---
21:40:17 [pool-3-thread-1] INFO  heartbeatLogger - Checking liveness of client: 1. Sending Alive Message.
21:40:17 [pool-3-thread-1] INFO  heartbeatLogger - Set alive to false
21:40:17 [pool-3-thread-1] INFO  heartbeatLogger - Alive set to false.
21:40:17 [pool-3-thread-1] INFO  heartbeatLogger - Sent Alive message to client 1
21:40:17 [pool-3-thread-1] INFO  heartbeatLogger - 
--- Checking client: 2 ---
21:40:17 [pool-3-thread-1] INFO  heartbeatLogger - Checking liveness of client: 2. Sending Alive Message.
21:40:17 [pool-3-thread-1] INFO  heartbeatLogger - Set alive to false
21:40:17 [pool-3-thread-1] INFO  heartbeatLogger - Alive set to false.
21:40:17 [pool-3-thread-1] INFO  heartbeatLogger - Sent Alive message to client 2
21:40:17 [Thread-0] INFO  heartbeatLogger - Client 1 set alive to: true
21:40:17 [Thread-1] INFO  heartbeatLogger - Client 2 set alive to: true
21:40:21 [pool-3-thread-1] INFO  heartbeatLogger - 
>>> Checking response from client: 1
21:40:21 [pool-3-thread-1] INFO  heartbeatLogger - Returning to server if client is alive: 1, true.
21:40:21 [pool-3-thread-1] INFO  heartbeatLogger - Alive status: true
21:40:21 [pool-3-thread-1] INFO  heartbeatLogger - Returning to server if client is alive: 1, true.
21:40:21 [pool-3-thread-1] INFO  heartbeatLogger - 
>>> Checking response from client: 2
21:40:21 [pool-3-thread-1] INFO  heartbeatLogger - Returning to server if client is alive: 2, true.
21:40:21 [pool-3-thread-1] INFO  heartbeatLogger - Alive status: true
21:40:21 [pool-3-thread-1] INFO  heartbeatLogger - Returning to server if client is alive: 2, true.
21:40:22 [pool-3-thread-1] INFO  heartbeatLogger - 
--- Checking client: 1 ---
21:40:22 [pool-3-thread-1] INFO  heartbeatLogger - Checking liveness of client: 1. Sending Alive Message.
21:40:22 [pool-3-thread-1] INFO  heartbeatLogger - Set alive to false
21:40:22 [pool-3-thread-1] INFO  heartbeatLogger - Alive set to false.
21:40:22 [pool-3-thread-1] INFO  heartbeatLogger - Sent Alive message to client 1
21:40:22 [pool-3-thread-1] INFO  heartbeatLogger - 
--- Checking client: 2 ---
21:40:22 [pool-3-thread-1] INFO  heartbeatLogger - Checking liveness of client: 2. Sending Alive Message.
21:40:22 [pool-3-thread-1] INFO  heartbeatLogger - Set alive to false
21:40:22 [pool-3-thread-1] INFO  heartbeatLogger - Alive set to false.
21:40:22 [pool-3-thread-1] INFO  heartbeatLogger - Sent Alive message to client 2
21:40:22 [Thread-0] INFO  heartbeatLogger - Client 1 set alive to: true
21:40:22 [Thread-1] INFO  heartbeatLogger - Client 2 set alive to: true
21:40:26 [pool-3-thread-1] INFO  heartbeatLogger - 
>>> Checking response from client: 1
21:40:26 [pool-3-thread-1] INFO  heartbeatLogger - Returning to server if client is alive: 1, true.
21:40:26 [pool-3-thread-1] INFO  heartbeatLogger - Alive status: true
21:40:26 [pool-3-thread-1] INFO  heartbeatLogger - Returning to server if client is alive: 1, true.
21:40:26 [pool-3-thread-1] INFO  heartbeatLogger - 
>>> Checking response from client: 2
21:40:26 [pool-3-thread-1] INFO  heartbeatLogger - Returning to server if client is alive: 2, true.
21:40:26 [pool-3-thread-1] INFO  heartbeatLogger - Alive status: true
21:40:26 [pool-3-thread-1] INFO  heartbeatLogger - Returning to server if client is alive: 2, true.
21:40:27 [pool-3-thread-1] INFO  heartbeatLogger - 
--- Checking client: 1 ---
21:40:27 [pool-3-thread-1] INFO  heartbeatLogger - Checking liveness of client: 1. Sending Alive Message.
21:40:27 [pool-3-thread-1] INFO  heartbeatLogger - Set alive to false
21:40:27 [pool-3-thread-1] INFO  heartbeatLogger - Alive set to false.
21:40:27 [pool-3-thread-1] INFO  heartbeatLogger - Sent Alive message to client 1
21:40:27 [pool-3-thread-1] INFO  heartbeatLogger - 
--- Checking client: 2 ---
21:40:27 [pool-3-thread-1] INFO  heartbeatLogger - Checking liveness of client: 2. Sending Alive Message.
21:40:27 [pool-3-thread-1] INFO  heartbeatLogger - Set alive to false
21:40:27 [pool-3-thread-1] INFO  heartbeatLogger - Alive set to false.
21:40:27 [pool-3-thread-1] INFO  heartbeatLogger - Sent Alive message to client 2
21:40:27 [Thread-0] INFO  heartbeatLogger - Client 1 set alive to: true
21:40:31 [pool-3-thread-1] INFO  heartbeatLogger - 
>>> Checking response from client: 1
21:40:31 [pool-3-thread-1] INFO  heartbeatLogger - Returning to server if client is alive: 1, true.
21:40:31 [pool-3-thread-1] INFO  heartbeatLogger - Alive status: true
21:40:31 [pool-3-thread-1] INFO  heartbeatLogger - Returning to server if client is alive: 1, true.
21:40:31 [pool-3-thread-1] INFO  heartbeatLogger - 
>>> Checking response from client: 2
21:40:31 [pool-3-thread-1] INFO  heartbeatLogger - Returning to server if client is alive: 2, false.
21:40:31 [pool-3-thread-1] INFO  heartbeatLogger - Alive status: false
21:40:31 [pool-3-thread-1] INFO  heartbeatLogger - Returning to server if client is alive: 2, false.
21:40:31 [pool-3-thread-1] INFO  heartbeatLogger - Client with ID 2 did not respond to Alive. Disconnecting.
21:40:32 [pool-3-thread-1] INFO  heartbeatLogger - 
--- Checking client: 1 ---
21:40:32 [pool-3-thread-1] INFO  heartbeatLogger - Checking liveness of client: 1. Sending Alive Message.
21:40:32 [pool-3-thread-1] INFO  heartbeatLogger - Set alive to false
21:40:32 [pool-3-thread-1] INFO  heartbeatLogger - Alive set to false.
21:40:32 [pool-3-thread-1] INFO  heartbeatLogger - Sent Alive message to client 1
21:40:32 [pool-3-thread-1] INFO  heartbeatLogger - 
--- Checking client: 2 ---
21:40:32 [pool-3-thread-1] INFO  heartbeatLogger - Checking liveness of client: 2. Sending Alive Message.
21:40:32 [pool-3-thread-1] INFO  heartbeatLogger - Set alive to false
21:40:32 [pool-3-thread-1] INFO  heartbeatLogger - Alive set to false.
21:40:32 [pool-3-thread-1] INFO  heartbeatLogger - Sent Alive message to client 2
21:40:32 [Thread-0] INFO  heartbeatLogger - Client 1 set alive to: true
21:40:32 [Thread-1] INFO  heartbeatLogger - Client 2 set alive to: true
21:40:32 [Thread-1] INFO  heartbeatLogger - Client 2 set alive to: true
21:40:36 [pool-3-thread-1] INFO  heartbeatLogger - 
>>> Checking response from client: 1
21:40:36 [pool-3-thread-1] INFO  heartbeatLogger - Returning to server if client is alive: 1, true.
21:40:36 [pool-3-thread-1] INFO  heartbeatLogger - Alive status: true
21:40:36 [pool-3-thread-1] INFO  heartbeatLogger - Returning to server if client is alive: 1, true.
21:40:36 [pool-3-thread-1] INFO  heartbeatLogger - 
>>> Checking response from client: 2
21:40:36 [pool-3-thread-1] INFO  heartbeatLogger - Returning to server if client is alive: 2, true.
21:40:36 [pool-3-thread-1] INFO  heartbeatLogger - Alive status: true
21:40:36 [pool-3-thread-1] INFO  heartbeatLogger - Returning to server if client is alive: 2, true.
21:40:37 [pool-3-thread-1] INFO  heartbeatLogger - 
--- Checking client: 1 ---
21:40:37 [pool-3-thread-1] INFO  heartbeatLogger - Checking liveness of client: 1. Sending Alive Message.
21:40:37 [pool-3-thread-1] INFO  heartbeatLogger - Set alive to false
21:40:37 [pool-3-thread-1] INFO  heartbeatLogger - Alive set to false.
21:40:37 [pool-3-thread-1] INFO  heartbeatLogger - Sent Alive message to client 1
21:40:37 [pool-3-thread-1] INFO  heartbeatLogger - 
--- Checking client: 2 ---
21:40:37 [pool-3-thread-1] INFO  heartbeatLogger - Checking liveness of client: 2. Sending Alive Message.
21:40:37 [pool-3-thread-1] INFO  heartbeatLogger - Set alive to false
21:40:37 [pool-3-thread-1] INFO  heartbeatLogger - Alive set to false.
21:40:37 [pool-3-thread-1] INFO  heartbeatLogger - Sent Alive message to client 2
21:40:37 [Thread-0] INFO  heartbeatLogger - Client 1 set alive to: true
21:40:37 [Thread-1] INFO  heartbeatLogger - Client 2 set alive to: true
21:40:41 [pool-3-thread-1] INFO  heartbeatLogger - 
>>> Checking response from client: 1
21:40:41 [pool-3-thread-1] INFO  heartbeatLogger - Returning to server if client is alive: 1, true.
21:40:41 [pool-3-thread-1] INFO  heartbeatLogger - Alive status: true
21:40:41 [pool-3-thread-1] INFO  heartbeatLogger - Returning to server if client is alive: 1, true.
21:40:41 [pool-3-thread-1] INFO  heartbeatLogger - 
>>> Checking response from client: 2
21:40:41 [pool-3-thread-1] INFO  heartbeatLogger - Returning to server if client is alive: 2, true.
21:40:41 [pool-3-thread-1] INFO  heartbeatLogger - Alive status: true
21:40:41 [pool-3-thread-1] INFO  heartbeatLogger - Returning to server if client is alive: 2, true.
21:40:42 [pool-3-thread-1] INFO  heartbeatLogger - 
--- Checking client: 1 ---
21:40:42 [pool-3-thread-1] INFO  heartbeatLogger - Checking liveness of client: 1. Sending Alive Message.
21:40:42 [pool-3-thread-1] INFO  heartbeatLogger - Set alive to false
21:40:42 [pool-3-thread-1] INFO  heartbeatLogger - Alive set to false.
21:40:42 [pool-3-thread-1] INFO  heartbeatLogger - Sent Alive message to client 1
21:40:42 [pool-3-thread-1] INFO  heartbeatLogger - 
--- Checking client: 2 ---
21:40:42 [pool-3-thread-1] INFO  heartbeatLogger - Checking liveness of client: 2. Sending Alive Message.
21:40:42 [pool-3-thread-1] INFO  heartbeatLogger - Set alive to false
21:40:42 [pool-3-thread-1] INFO  heartbeatLogger - Alive set to false.
21:40:42 [pool-3-thread-1] INFO  heartbeatLogger - Sent Alive message to client 2
21:40:42 [Thread-0] INFO  heartbeatLogger - Client 1 set alive to: true
21:40:42 [Thread-1] INFO  heartbeatLogger - Client 2 set alive to: true
21:40:46 [pool-3-thread-1] INFO  heartbeatLogger - 
>>> Checking response from client: 1
21:40:46 [pool-3-thread-1] INFO  heartbeatLogger - Returning to server if client is alive: 1, true.
21:40:46 [pool-3-thread-1] INFO  heartbeatLogger - Alive status: true
21:40:46 [pool-3-thread-1] INFO  heartbeatLogger - Returning to server if client is alive: 1, true.
21:40:46 [pool-3-thread-1] INFO  heartbeatLogger - 
>>> Checking response from client: 2
21:40:46 [pool-3-thread-1] INFO  heartbeatLogger - Returning to server if client is alive: 2, true.
21:40:46 [pool-3-thread-1] INFO  heartbeatLogger - Alive status: true
21:40:46 [pool-3-thread-1] INFO  heartbeatLogger - Returning to server if client is alive: 2, true.
21:40:47 [pool-3-thread-1] INFO  heartbeatLogger - 
--- Checking client: 1 ---
21:40:47 [pool-3-thread-1] INFO  heartbeatLogger - Checking liveness of client: 1. Sending Alive Message.
21:40:47 [pool-3-thread-1] INFO  heartbeatLogger - Set alive to false
21:40:47 [pool-3-thread-1] INFO  heartbeatLogger - Alive set to false.
21:40:47 [pool-3-thread-1] INFO  heartbeatLogger - Sent Alive message to client 1
21:40:47 [pool-3-thread-1] INFO  heartbeatLogger - 
--- Checking client: 2 ---
21:40:47 [pool-3-thread-1] INFO  heartbeatLogger - Checking liveness of client: 2. Sending Alive Message.
21:40:47 [pool-3-thread-1] INFO  heartbeatLogger - Set alive to false
21:40:47 [pool-3-thread-1] INFO  heartbeatLogger - Alive set to false.
21:40:47 [pool-3-thread-1] INFO  heartbeatLogger - Sent Alive message to client 2
21:40:47 [Thread-0] INFO  heartbeatLogger - Client 1 set alive to: true
21:40:47 [Thread-1] INFO  heartbeatLogger - Client 2 set alive to: true
21:40:51 [pool-3-thread-1] INFO  heartbeatLogger - 
>>> Checking response from client: 1
21:40:51 [pool-3-thread-1] INFO  heartbeatLogger - Returning to server if client is alive: 1, true.
21:40:51 [pool-3-thread-1] INFO  heartbeatLogger - Alive status: true
21:40:51 [pool-3-thread-1] INFO  heartbeatLogger - Returning to server if client is alive: 1, true.
21:40:51 [pool-3-thread-1] INFO  heartbeatLogger - 
>>> Checking response from client: 2
21:40:51 [pool-3-thread-1] INFO  heartbeatLogger - Returning to server if client is alive: 2, true.
21:40:51 [pool-3-thread-1] INFO  heartbeatLogger - Alive status: true
21:40:51 [pool-3-thread-1] INFO  heartbeatLogger - Returning to server if client is alive: 2, true.
21:40:52 [pool-3-thread-1] INFO  heartbeatLogger - 
--- Checking client: 1 ---
21:40:52 [pool-3-thread-1] INFO  heartbeatLogger - Checking liveness of client: 1. Sending Alive Message.
21:40:52 [pool-3-thread-1] INFO  heartbeatLogger - Set alive to false
21:40:52 [pool-3-thread-1] INFO  heartbeatLogger - Alive set to false.
21:40:52 [pool-3-thread-1] INFO  heartbeatLogger - Sent Alive message to client 1
21:40:52 [pool-3-thread-1] INFO  heartbeatLogger - 
--- Checking client: 2 ---
21:40:52 [pool-3-thread-1] INFO  heartbeatLogger - Checking liveness of client: 2. Sending Alive Message.
21:40:52 [pool-3-thread-1] INFO  heartbeatLogger - Set alive to false
21:40:52 [pool-3-thread-1] INFO  heartbeatLogger - Alive set to false.
21:40:52 [pool-3-thread-1] INFO  heartbeatLogger - Sent Alive message to client 2
21:40:52 [Thread-1] INFO  heartbeatLogger - Client 2 set alive to: true
21:40:52 [Thread-0] INFO  heartbeatLogger - Client 1 set alive to: true
21:40:56 [pool-3-thread-1] INFO  heartbeatLogger - 
>>> Checking response from client: 1
21:40:56 [pool-3-thread-1] INFO  heartbeatLogger - Returning to server if client is alive: 1, true.
21:40:56 [pool-3-thread-1] INFO  heartbeatLogger - Alive status: true
21:40:56 [pool-3-thread-1] INFO  heartbeatLogger - Returning to server if client is alive: 1, true.
21:40:56 [pool-3-thread-1] INFO  heartbeatLogger - 
>>> Checking response from client: 2
21:40:56 [pool-3-thread-1] INFO  heartbeatLogger - Returning to server if client is alive: 2, true.
21:40:56 [pool-3-thread-1] INFO  heartbeatLogger - Alive status: true
21:40:56 [pool-3-thread-1] INFO  heartbeatLogger - Returning to server if client is alive: 2, true.
21:40:57 [pool-3-thread-1] INFO  heartbeatLogger - 
--- Checking client: 1 ---
21:40:57 [pool-3-thread-1] INFO  heartbeatLogger - Checking liveness of client: 1. Sending Alive Message.
21:40:57 [pool-3-thread-1] INFO  heartbeatLogger - Set alive to false
21:40:57 [pool-3-thread-1] INFO  heartbeatLogger - Alive set to false.
21:40:57 [pool-3-thread-1] INFO  heartbeatLogger - Sent Alive message to client 1
21:40:57 [pool-3-thread-1] INFO  heartbeatLogger - 
--- Checking client: 2 ---
21:40:57 [pool-3-thread-1] INFO  heartbeatLogger - Checking liveness of client: 2. Sending Alive Message.
21:40:57 [pool-3-thread-1] INFO  heartbeatLogger - Set alive to false
21:40:57 [pool-3-thread-1] INFO  heartbeatLogger - Alive set to false.
21:40:57 [pool-3-thread-1] INFO  heartbeatLogger - Sent Alive message to client 2
21:40:57 [Thread-0] INFO  heartbeatLogger - Client 1 set alive to: true
21:40:57 [Thread-1] INFO  heartbeatLogger - Client 2 set alive to: true
21:41:01 [pool-3-thread-1] INFO  heartbeatLogger - 
>>> Checking response from client: 1
21:41:01 [pool-3-thread-1] INFO  heartbeatLogger - Returning to server if client is alive: 1, true.
21:41:01 [pool-3-thread-1] INFO  heartbeatLogger - Alive status: true
21:41:01 [pool-3-thread-1] INFO  heartbeatLogger - Returning to server if client is alive: 1, true.
21:41:01 [pool-3-thread-1] INFO  heartbeatLogger - 
>>> Checking response from client: 2
21:41:01 [pool-3-thread-1] INFO  heartbeatLogger - Returning to server if client is alive: 2, true.
21:41:01 [pool-3-thread-1] INFO  heartbeatLogger - Alive status: true
21:41:01 [pool-3-thread-1] INFO  heartbeatLogger - Returning to server if client is alive: 2, true.
21:41:02 [pool-3-thread-1] INFO  heartbeatLogger - 
--- Checking client: 1 ---
21:41:02 [pool-3-thread-1] INFO  heartbeatLogger - Checking liveness of client: 1. Sending Alive Message.
21:41:02 [pool-3-thread-1] INFO  heartbeatLogger - Set alive to false
21:41:02 [pool-3-thread-1] INFO  heartbeatLogger - Alive set to false.
21:41:02 [pool-3-thread-1] INFO  heartbeatLogger - Sent Alive message to client 1
21:41:02 [pool-3-thread-1] INFO  heartbeatLogger - 
--- Checking client: 2 ---
21:41:02 [pool-3-thread-1] INFO  heartbeatLogger - Checking liveness of client: 2. Sending Alive Message.
21:41:02 [pool-3-thread-1] INFO  heartbeatLogger - Set alive to false
21:41:02 [pool-3-thread-1] INFO  heartbeatLogger - Alive set to false.
21:41:02 [pool-3-thread-1] INFO  heartbeatLogger - Sent Alive message to client 2
21:41:02 [Thread-0] INFO  heartbeatLogger - Client 1 set alive to: true
21:41:02 [Thread-1] INFO  heartbeatLogger - Client 2 set alive to: true
