2025-07-11 16:53:50 INFO  ServerCommLogger - [SENDING] HelloClient: {
  "messageType": "HelloClient",
  "messageBody": {
    "protocol": "Version 1.0"
  }
}
2025-07-11 16:54:05 INFO  ServerCommLogger - [SENDING] HelloClient: {
  "messageType": "HelloClient",
  "messageBody": {
    "protocol": "Version 1.0"
  }
}
2025-07-11 16:55:08 INFO  ServerCommLogger - [SENDING] Error: {
  "messageType": "Error",
  "messageBody": {
    "error": "Connection error: Connection reset"
  }
}
2025-07-11 16:55:09 INFO  ServerCommLogger - [SENDING] Error: {
  "messageType": "Error",
  "messageBody": {
    "error": "Connection error: Connection reset"
  }
}
2025-07-11 16:55:13 INFO  ServerCommLogger - [SENDING] Error: {
  "messageType": "Error",
  "messageBody": {
    "error": "Client did not respond to Alive."
  }
}
2025-07-11 16:55:18 INFO  ServerCommLogger - [SENDING] Error: {
  "messageType": "Error",
  "messageBody": {
    "error": "Client did not respond to Alive."
  }
}
2025-07-11 16:56:18 INFO  ServerCommLogger - [SENDING] HelloClient: {
  "messageType": "HelloClient",
  "messageBody": {
    "protocol": "Version 1.0"
  }
}
2025-07-11 16:56:43 INFO  ServerCommLogger - [SENDING] HelloClient: {
  "messageType": "HelloClient",
  "messageBody": {
    "protocol": "Version 1.0"
  }
}
2025-07-11 16:57:37 INFO  ServerCommLogger - [RECEIVED] HelloServer: {
  "messageType": "HelloServer",
  "messageBody": {
    "group": "B",
    "protocol": "Version 0.1",
    "isAI": false
  }
}
2025-07-11 16:57:37 INFO  ServerCommLogger - [SENDING] Error: {
  "messageType": "Error",
  "messageBody": {
    "error": "Connection refused, protocol mismatch: Version 0.1 !\u003d Version 1.0"
  }
}
2025-07-11 16:57:38 INFO  ServerCommLogger - [RECEIVED] HelloServer: {
  "messageType": "HelloServer",
  "messageBody": {
    "group": "B",
    "protocol": "Version 0.1",
    "isAI": false
  }
}
2025-07-11 16:57:38 INFO  ServerCommLogger - [SENDING] Error: {
  "messageType": "Error",
  "messageBody": {
    "error": "Connection refused, protocol mismatch: Version 0.1 !\u003d Version 1.0"
  }
}
2025-07-11 17:00:23 INFO  ServerCommLogger - [SENDING] HelloClient: {
  "messageType": "HelloClient",
  "messageBody": {
    "protocol": "Version 1.0"
  }
}
2025-07-11 17:00:32 INFO  ServerCommLogger - [SENDING] HelloClient: {
  "messageType": "HelloClient",
  "messageBody": {
    "protocol": "Version 1.0"
  }
}
2025-07-11 17:00:52 INFO  ServerCommLogger - [RECEIVED] HelloServer: {
  "messageType": "HelloServer",
  "messageBody": {
    "group": "B",
    "protocol": "Version 0.1",
    "isAI": false
  }
}
2025-07-11 17:00:52 INFO  ServerCommLogger - [SENDING] Error: {
  "messageType": "Error",
  "messageBody": {
    "error": "Connection refused, protocol mismatch: Version 0.1 !\u003d Version 1.0"
  }
}
2025-07-11 17:00:53 INFO  ServerCommLogger - [RECEIVED] HelloServer: {
  "messageType": "HelloServer",
  "messageBody": {
    "group": "B",
    "protocol": "Version 0.1",
    "isAI": false
  }
}
2025-07-11 17:00:53 INFO  ServerCommLogger - [SENDING] Error: {
  "messageType": "Error",
  "messageBody": {
    "error": "Connection refused, protocol mismatch: Version 0.1 !\u003d Version 1.0"
  }
}
